 scrape-and-deploy
failed now in 12s
2s
Current runner version: '2.334.0'
Runner Image Provisioner
Operating System
Runner Image
GITHUB_TOKEN Permissions
Secret source: Actions
Prepare workflow directory
Prepare all required actions
Getting action download info
Download action repository 'actions/checkout@v4' (SHA:34e114876b0b11c390a56381ad16ebd13914f8d5)
Download action repository 'actions/setup-python@v5' (SHA:a26af69be951a213d495a4c3e4e4022e16d87065)
Download action repository 'stefanzweifel/git-auto-commit-action@v5' (SHA:b863ae1933cb653a53c021fe36dbb774e1fb9403)
Download action repository 'actions/configure-pages@v4' (SHA:1f0c5cde4bc74cd7e1254d0cb4de8d49e9068c7d)
Download action repository 'actions/upload-pages-artifact@v3' (SHA:56afc609e74202658d3ffba0e8f6dda462b719fa)
Download action repository 'actions/deploy-pages@v4' (SHA:d6db90164ac5ed86f2b6aed7e0febac5b3c0c03e)
Getting action download info
Download action repository 'actions/upload-artifact@v4' (SHA:ea165f8d65b6e75b540449e92b4886f43607fa02)
Complete job name: scrape-and-deploy
2s
Run actions/checkout@v4
Syncing repository: Muhammad-Afaque/v1OJPH
Getting Git version info
Temporarily overriding HOME='/home/runner/work/_temp/2748b741-1903-41ac-aa62-fa58a78a3e86' before making global git config changes
Adding repository directory to the temporary git global config as a safe directory
/usr/bin/git config --global --add safe.directory /home/runner/work/v1OJPH/v1OJPH
Deleting the contents of '/home/runner/work/v1OJPH/v1OJPH'
Initializing the repository
Disabling automatic garbage collection
Setting up auth
1s
Run actions/setup-python@v5
Installed versions
4s
Run pip install requests beautifulsoup4
Collecting requests
  Downloading requests-2.34.2-py3-none-any.whl.metadata (4.8 kB)
Collecting beautifulsoup4
  Downloading beautifulsoup4-4.14.3-py3-none-any.whl.metadata (3.8 kB)
Collecting charset_normalizer<4,>=2 (from requests)
  Downloading charset_normalizer-3.4.7-cp311-cp311-manylinux2014_x86_64.manylinux_2_17_x86_64.manylinux_2_28_x86_64.whl.metadata (40 kB)
Collecting idna<4,>=2.5 (from requests)
  Downloading idna-3.15-py3-none-any.whl.metadata (7.7 kB)
Collecting urllib3<3,>=1.26 (from requests)
  Downloading urllib3-2.7.0-py3-none-any.whl.metadata (6.9 kB)
Collecting certifi>=2023.5.7 (from requests)
  Downloading certifi-2026.5.20-py3-none-any.whl.metadata (2.5 kB)
Collecting soupsieve>=1.6.1 (from beautifulsoup4)
  Downloading soupsieve-2.8.3-py3-none-any.whl.metadata (4.6 kB)
Collecting typing-extensions>=4.0.0 (from beautifulsoup4)
  Downloading typing_extensions-4.15.0-py3-none-any.whl.metadata (3.3 kB)
Downloading requests-2.34.2-py3-none-any.whl (73 kB)
Downloading charset_normalizer-3.4.7-cp311-cp311-manylinux2014_x86_64.manylinux_2_17_x86_64.manylinux_2_28_x86_64.whl (214 kB)
Downloading idna-3.15-py3-none-any.whl (72 kB)
Downloading urllib3-2.7.0-py3-none-any.whl (131 kB)
Downloading beautifulsoup4-4.14.3-py3-none-any.whl (107 kB)
Downloading certifi-2026.5.20-py3-none-any.whl (134 kB)
Downloading soupsieve-2.8.3-py3-none-any.whl (37 kB)
Downloading typing_extensions-4.15.0-py3-none-any.whl (44 kB)
Installing collected packages: urllib3, typing-extensions, soupsieve, idna, charset_normalizer, certifi, requests, beautifulsoup4

Successfully installed beautifulsoup4-4.14.3 certifi-2026.5.20 charset_normalizer-3.4.7 idna-3.15 requests-2.34.2 soupsieve-2.8.3 typing-extensions-4.15.0 urllib3-2.7.0
0s
Run ./run.sh
/home/runner/work/_temp/336d0ce7-f23a-4cbd-8dc0-aab206922d75.sh: line 1: ./run.sh: Permission denied
Error: Process completed with exit code 126.
0s
0s
0s
0s
0s
1s
Post job cleanup.
/usr/bin/git version
git version 2.54.0
Temporarily overriding HOME='/home/runner/work/_temp/c2e31267-a241-42f4-a728-fb42d5db8029' before making global git config changes
Adding repository directory to the temporary git global config as a safe directory
/usr/bin/git config --global --add safe.directory /home/runner/work/v1OJPH/v1OJPH
/usr/bin/git config --local --name-only --get-regexp core\.sshCommand
/usr/bin/git submodule foreach --recursive sh -c "git config --local --name-only --get-regexp 'core\.sshCommand' && git config --local --unset-all 'core.sshCommand' || :"
/usr/bin/git config --local --name-only --get-regexp http\.https\:\/\/github\.com\/\.extraheader
http.https://github.com/.extraheader
/usr/bin/git config --local --unset-all http.https://github.com/.extraheader
/usr/bin/git submodule foreach --recursive sh -c "git config --local --name-only --get-regexp 'http\.https\:\/\/github\.com\/\.extraheader' && git config --local --unset-all 'http.https://github.com/.extraheader' || :"
/usr/bin/git config --local --name-only --get-regexp ^includeIf\.gitdir:
/usr/bin/git submodule foreach --recursive git config --local --show-origin --name-only --get-regexp remote.origin.url
0s
Evaluate and set environment url
Evaluated environment url: 
Cleaning up orphan processes
Warning: Node.js 20 actions are deprecated. The following actions are running on Node.js 20 and may not work as expected: actions/checkout@v4, actions/setup-python@v5. Actions will be forced to run with Node.js 24 by default starting June 2nd, 2026. Node.js 20 will be removed from the runner on September 16th, 2026. Please check if updated versions of these actions are available that support Node.js 24. To opt into Node.js 24 now, set the FORCE_JAVASCRIPT_ACTIONS_TO_NODE24=true environment variable on the runner or in your workflow file. Once Node.js 24 becomes the default, you can temporarily opt out by setting ACTIONS_ALLOW_USE_UNSECURE_NODE_VERSION=true. For more information see: https://github.blog/changelog/2025-09-19-deprecation-of-node-20-on-github-actions-runners/
